👆
240 159 145 134 
👇
240 159 145 135 
👉
240 159 145 137 
👈
240 159 145 136 
🥺
240 159 165 186 
😳
240 159 152 179 
🥴
240 159 165 180 
😒
240 159 152 146 
😡
240 159 152 161